------------------------------------------------------------
Timing Analyzer Summary
------------------------------------------------------------

Type  : Slow 1100mV 85C Model Setup 'clk'
Slack : -203.457
TNS   : -12807.136

Type  : Slow 1100mV 85C Model Setup 'e_my_finite_SM:finite_state_machine|slv_fsm_state.State_4'
Slack : -6.797
TNS   : -22.772

Type  : Slow 1100mV 85C Model Hold 'clk'
Slack : 0.426
TNS   : 0.000

Type  : Slow 1100mV 85C Model Hold 'e_my_finite_SM:finite_state_machine|slv_fsm_state.State_4'
Slack : 0.897
TNS   : 0.000

Type  : Slow 1100mV 85C Model Minimum Pulse Width 'clk'
Slack : -0.394
TNS   : -45.873

Type  : Slow 1100mV 85C Model Minimum Pulse Width 'e_my_finite_SM:finite_state_machine|slv_fsm_state.State_4'
Slack : -0.290
TNS   : -0.680

Type  : Slow 1100mV 0C Model Setup 'clk'
Slack : -208.204
TNS   : -13068.748

Type  : Slow 1100mV 0C Model Setup 'e_my_finite_SM:finite_state_machine|slv_fsm_state.State_4'
Slack : -6.705
TNS   : -22.799

Type  : Slow 1100mV 0C Model Hold 'clk'
Slack : 0.227
TNS   : 0.000

Type  : Slow 1100mV 0C Model Hold 'e_my_finite_SM:finite_state_machine|slv_fsm_state.State_4'
Slack : 0.735
TNS   : 0.000

Type  : Slow 1100mV 0C Model Minimum Pulse Width 'clk'
Slack : -0.394
TNS   : -50.452

Type  : Slow 1100mV 0C Model Minimum Pulse Width 'e_my_finite_SM:finite_state_machine|slv_fsm_state.State_4'
Slack : -0.308
TNS   : -0.781

Type  : Fast 1100mV 85C Model Setup 'clk'
Slack : -112.454
TNS   : -7201.334

Type  : Fast 1100mV 85C Model Setup 'e_my_finite_SM:finite_state_machine|slv_fsm_state.State_4'
Slack : -3.750
TNS   : -11.624

Type  : Fast 1100mV 85C Model Hold 'clk'
Slack : 0.198
TNS   : 0.000

Type  : Fast 1100mV 85C Model Hold 'e_my_finite_SM:finite_state_machine|slv_fsm_state.State_4'
Slack : 0.630
TNS   : 0.000

Type  : Fast 1100mV 85C Model Minimum Pulse Width 'clk'
Slack : -0.086
TNS   : -6.632

Type  : Fast 1100mV 85C Model Minimum Pulse Width 'e_my_finite_SM:finite_state_machine|slv_fsm_state.State_4'
Slack : 0.106
TNS   : 0.000

Type  : Fast 1100mV 0C Model Setup 'clk'
Slack : -105.989
TNS   : -6757.507

Type  : Fast 1100mV 0C Model Setup 'e_my_finite_SM:finite_state_machine|slv_fsm_state.State_4'
Slack : -3.468
TNS   : -10.841

Type  : Fast 1100mV 0C Model Hold 'clk'
Slack : 0.189
TNS   : 0.000

Type  : Fast 1100mV 0C Model Hold 'e_my_finite_SM:finite_state_machine|slv_fsm_state.State_4'
Slack : 0.512
TNS   : 0.000

Type  : Fast 1100mV 0C Model Minimum Pulse Width 'clk'
Slack : -0.085
TNS   : -6.720

Type  : Fast 1100mV 0C Model Minimum Pulse Width 'e_my_finite_SM:finite_state_machine|slv_fsm_state.State_4'
Slack : 0.132
TNS   : 0.000

------------------------------------------------------------
