------------------------------------------------------------
Timing Analyzer Summary
------------------------------------------------------------

Type  : Slow 1100mV 85C Model Setup 'e_finite_sm:finite_state_machine|slv_fsm_state.State_4'
Slack : -6.450
TNS   : -22.240

Type  : Slow 1100mV 85C Model Setup 'clk'
Slack : -3.295
TNS   : -46.531

Type  : Slow 1100mV 85C Model Hold 'clk'
Slack : 0.214
TNS   : 0.000

Type  : Slow 1100mV 85C Model Hold 'e_finite_sm:finite_state_machine|slv_fsm_state.State_4'
Slack : 1.202
TNS   : 0.000

Type  : Slow 1100mV 85C Model Minimum Pulse Width 'clk'
Slack : -0.394
TNS   : -12.253

Type  : Slow 1100mV 85C Model Minimum Pulse Width 'e_finite_sm:finite_state_machine|slv_fsm_state.State_4'
Slack : 0.012
TNS   : 0.000

Type  : Slow 1100mV 0C Model Setup 'e_finite_sm:finite_state_machine|slv_fsm_state.State_4'
Slack : -6.345
TNS   : -22.222

Type  : Slow 1100mV 0C Model Setup 'clk'
Slack : -2.958
TNS   : -40.249

Type  : Slow 1100mV 0C Model Hold 'clk'
Slack : -0.118
TNS   : -0.118

Type  : Slow 1100mV 0C Model Hold 'e_finite_sm:finite_state_machine|slv_fsm_state.State_4'
Slack : 1.227
TNS   : 0.000

Type  : Slow 1100mV 0C Model Minimum Pulse Width 'clk'
Slack : -0.394
TNS   : -13.107

Type  : Slow 1100mV 0C Model Minimum Pulse Width 'e_finite_sm:finite_state_machine|slv_fsm_state.State_4'
Slack : -0.069
TNS   : -0.167

Type  : Fast 1100mV 85C Model Setup 'e_finite_sm:finite_state_machine|slv_fsm_state.State_4'
Slack : -3.406
TNS   : -11.093

Type  : Fast 1100mV 85C Model Setup 'clk'
Slack : -2.130
TNS   : -32.471

Type  : Fast 1100mV 85C Model Hold 'clk'
Slack : 0.150
TNS   : 0.000

Type  : Fast 1100mV 85C Model Hold 'e_finite_sm:finite_state_machine|slv_fsm_state.State_4'
Slack : 0.562
TNS   : 0.000

Type  : Fast 1100mV 85C Model Minimum Pulse Width 'clk'
Slack : -0.086
TNS   : -1.925

Type  : Fast 1100mV 85C Model Minimum Pulse Width 'e_finite_sm:finite_state_machine|slv_fsm_state.State_4'
Slack : 0.259
TNS   : 0.000

Type  : Fast 1100mV 0C Model Setup 'e_finite_sm:finite_state_machine|slv_fsm_state.State_4'
Slack : -3.110
TNS   : -10.426

Type  : Fast 1100mV 0C Model Setup 'clk'
Slack : -1.596
TNS   : -23.874

Type  : Fast 1100mV 0C Model Hold 'clk'
Slack : 0.132
TNS   : 0.000

Type  : Fast 1100mV 0C Model Hold 'e_finite_sm:finite_state_machine|slv_fsm_state.State_4'
Slack : 0.537
TNS   : 0.000

Type  : Fast 1100mV 0C Model Minimum Pulse Width 'clk'
Slack : -0.083
TNS   : -1.868

Type  : Fast 1100mV 0C Model Minimum Pulse Width 'e_finite_sm:finite_state_machine|slv_fsm_state.State_4'
Slack : 0.260
TNS   : 0.000

------------------------------------------------------------
